[INFO] Scanning for projects...
[INFO] 
[INFO] ---------------------< de.noneless:NonelessLobby >----------------------
[INFO] Building NonelessLobby 3.0
[INFO]   from pom.xml
[INFO] --------------------------------[ jar ]---------------------------------
Downloading from everything: https://repo.citizensnpcs.co/io/papermc/paper/paper-api/1.21.10-R0.1-SNAPSHOT/maven-metadata.xml
[WARNING] Could not transfer metadata io.papermc.paper:paper-api:1.21.10-R0.1-SNAPSHOT/maven-metadata.xml from/to everything (https://repo.citizensnpcs.co/): Der angeforderte Name ist g├╝ltig, es wurden jedoch keine Daten des angeforderten Typs gefunden (repo.citizensnpcs.co)
[WARNING] io.papermc.paper:paper-api:1.21.10-R0.1-SNAPSHOT/maven-metadata.xml failed to transfer from https://repo.citizensnpcs.co/ during a previous attempt. This failure was cached in the local repository and resolution will not be reattempted until the update interval of everything has elapsed or updates are forced. Original error: Could not transfer metadata io.papermc.paper:paper-api:1.21.10-R0.1-SNAPSHOT/maven-metadata.xml from/to everything (https://repo.citizensnpcs.co/): Der angeforderte Name ist g├╝ltig, es wurden jedoch keine Daten des angeforderten Typs gefunden (repo.citizensnpcs.co)
Downloading from dmulloy2-repo: https://repo.dmulloy2.net/repository/public/net/citizensnpcs/citizens-parent/2.0.35-SNAPSHOT/maven-metadata.xml
Downloading from sk89q-repo: https://maven.enginehub.org/repo/net/citizensnpcs/citizens-parent/2.0.35-SNAPSHOT/maven-metadata.xml
[WARNING] Could not transfer metadata net.citizensnpcs:citizens-parent:2.0.35-SNAPSHOT/maven-metadata.xml from/to sk89q-repo (https://maven.enginehub.org/repo/): Der angeforderte Name ist g├╝ltig, es wurden jedoch keine Daten des angeforderten Typs gefunden (maven.enginehub.org)
[WARNING] Could not transfer metadata net.citizensnpcs:citizens-parent:2.0.35-SNAPSHOT/maven-metadata.xml from/to dmulloy2-repo (https://repo.dmulloy2.net/repository/public/): Der angeforderte Name ist g├╝ltig, es wurden jedoch keine Daten des angeforderten Typs gefunden (repo.dmulloy2.net)
Downloading from sk89q-repo: https://maven.enginehub.org/repo/net/citizensnpcs/citizensapi/2.0.35-SNAPSHOT/maven-metadata.xml
Downloading from dmulloy2-repo: https://repo.dmulloy2.net/repository/public/net/citizensnpcs/citizensapi/2.0.35-SNAPSHOT/maven-metadata.xml
[WARNING] Could not transfer metadata net.citizensnpcs:citizensapi:2.0.35-SNAPSHOT/maven-metadata.xml from/to sk89q-repo (https://maven.enginehub.org/repo/): maven.enginehub.org
[WARNING] Could not transfer metadata net.citizensnpcs:citizensapi:2.0.35-SNAPSHOT/maven-metadata.xml from/to dmulloy2-repo (https://repo.dmulloy2.net/repository/public/): repo.dmulloy2.net
[WARNING] net.citizensnpcs:citizensapi:2.0.35-SNAPSHOT/maven-metadata.xml failed to transfer from https://maven.enginehub.org/repo/ during a previous attempt. This failure was cached in the local repository and resolution will not be reattempted until the update interval of sk89q-repo has elapsed or updates are forced. Original error: Could not transfer metadata net.citizensnpcs:citizensapi:2.0.35-SNAPSHOT/maven-metadata.xml from/to sk89q-repo (https://maven.enginehub.org/repo/): maven.enginehub.org
[WARNING] net.citizensnpcs:citizensapi:2.0.35-SNAPSHOT/maven-metadata.xml failed to transfer from https://repo.dmulloy2.net/repository/public/ during a previous attempt. This failure was cached in the local repository and resolution will not be reattempted until the update interval of dmulloy2-repo has elapsed or updates are forced. Original error: Could not transfer metadata net.citizensnpcs:citizensapi:2.0.35-SNAPSHOT/maven-metadata.xml from/to dmulloy2-repo (https://repo.dmulloy2.net/repository/public/): repo.dmulloy2.net
[INFO] 
[INFO] --- clean:3.2.0:clean (default-clean) @ NonelessLobby ---
[INFO] Deleting C:\Users\webde\Desktop\Projekte\Nonelesslobby\target
[INFO] 
[INFO] --- resources:3.3.1:resources (default-resources) @ NonelessLobby ---
[INFO] skip non existing resourceDirectory C:\Users\webde\Desktop\Projekte\Nonelesslobby\src\main\resources
[INFO] Copying 1 resource from  to target\classes
[INFO] 
[INFO] --- compiler:3.11.0:compile (default-compile) @ NonelessLobby ---
[INFO] Changes detected - recompiling the module! :source
[INFO] Compiling 52 source files with javac [debug target 17] to target\classes
[WARNING] Systemmodulpfad nicht zusammen mit -source 17 festgelegt
[INFO] Die Annotationsverarbeitung ist aktiviert, da mindestens ein Prozessor im
  Classpath gefunden wurde. In einem zuk├╝nftigen Release von javac kann die Annotationsverarbeitung deaktiviert werden,
  es sei denn, mindestens ein Prozessor ist namentlich angegeben (-processor), oder ein Suchpfad
  ist angegeben (--processor-path, --processor-module-path), oder die Annotationsverarbeitung
  wurde explizit aktiviert (-proc:only, -proc:full).
  Verwenden Sie "-Xlint:-options", um diese Meldung zu unterdr├╝cken.
  Verwenden Sie "-proc:none", um die Annotationsverarbeitung zu deaktivieren.
[WARNING] /C:/Users/webde/Desktop/Projekte/Nonelesslobby/src/main/java/de/noneless/lobby/Menues/WorldGamemodeListMenu.java:[113,13] setLocalizedName(java.lang.String) in org.bukkit.inventory.meta.ItemMeta ist veraltet und wurde zum Entfernen markiert
[WARNING] /C:/Users/webde/Desktop/Projekte/Nonelesslobby/src/main/java/de/noneless/lobby/listeners/SettingsListener.java:[319,46] getLocalizedName() in org.bukkit.inventory.meta.ItemMeta ist veraltet und wurde zum Entfernen markiert
[WARNING] /C:/Users/webde/Desktop/Projekte/Nonelesslobby/src/main/java/de/noneless/lobby/Menues/WorldGamemodeEditMenu.java:[76,13] setLocalizedName(java.lang.String) in org.bukkit.inventory.meta.ItemMeta ist veraltet und wurde zum Entfernen markiert
[INFO] /C:/Users/webde/Desktop/Projekte/Nonelesslobby/src/main/java/de/noneless/lobby/listeners/FriendsListener.java: Einige Eingabedateien verwenden oder ├╝berschreiben eine veraltete API.
[INFO] /C:/Users/webde/Desktop/Projekte/Nonelesslobby/src/main/java/de/noneless/lobby/listeners/FriendsListener.java: Wiederholen Sie die Kompilierung mit -Xlint:deprecation, um Details zu erhalten.
[INFO] /C:/Users/webde/Desktop/Projekte/Nonelesslobby/src/main/java/npc/NPCManager.java: C:\Users\webde\Desktop\Projekte\Nonelesslobby\src\main\java\npc\NPCManager.java verwendet nicht gepr├╝fte oder unsichere Vorg├ñnge.
[INFO] /C:/Users/webde/Desktop/Projekte/Nonelesslobby/src/main/java/npc/NPCManager.java: Wiederholen Sie die Kompilierung mit -Xlint:unchecked, um Details zu erhalten.
[INFO] 
[INFO] --- resources:3.3.1:testResources (default-testResources) @ NonelessLobby ---
[INFO] skip non existing resourceDirectory C:\Users\webde\Desktop\Projekte\Nonelesslobby\src\test\resources
[INFO] 
[INFO] --- compiler:3.11.0:testCompile (default-testCompile) @ NonelessLobby ---
[INFO] No sources to compile
[INFO] 
[INFO] --- surefire:3.2.2:test (default-test) @ NonelessLobby ---
[INFO] No tests to run.
[INFO] 
[INFO] --- jar:3.3.0:jar (default-jar) @ NonelessLobby ---
[INFO] Building jar: C:\Users\webde\Desktop\Projekte\Nonelesslobby\target\NonelessLobby-3.0.jar
[INFO] 
[INFO] --- shade:3.5.1:shade (default) @ NonelessLobby ---
[INFO] Including com.mysql:mysql-connector-j:jar:8.0.33 in the shaded jar.
[INFO] Including com.google.protobuf:protobuf-java:jar:3.21.9 in the shaded jar.
[INFO] Dependency-reduced POM written at: C:\Users\webde\Desktop\Projekte\Nonelesslobby\dependency-reduced-pom.xml
[WARNING] NonelessLobby-3.0.jar, mysql-connector-j-8.0.33.jar, protobuf-java-3.21.9.jar define 1 overlapping resource: 
[WARNING]   - META-INF/MANIFEST.MF
[WARNING] maven-shade-plugin has detected that some files are
[WARNING] present in two or more JARs. When this happens, only one
[WARNING] single version of the file is copied to the uber jar.
[WARNING] Usually this is not harmful and you can skip these warnings,
[WARNING] otherwise try to manually exclude artifacts based on
[WARNING] mvn dependency:tree -Ddetail=true and the above output.
[WARNING] See https://maven.apache.org/plugins/maven-shade-plugin/
[INFO] Replacing original artifact with shaded artifact.
[INFO] Replacing C:\Users\webde\Desktop\Projekte\Nonelesslobby\target\NonelessLobby-3.0.jar with C:\Users\webde\Desktop\Projekte\Nonelesslobby\target\NonelessLobby-3.0-shaded.jar
[INFO] 
[INFO] --- antrun:3.1.0:run (ftp-upload) @ NonelessLobby ---
[INFO] Skipping Antrun execution
[INFO] ------------------------------------------------------------------------
[INFO] BUILD SUCCESS
[INFO] ------------------------------------------------------------------------
[INFO] Total time:  48.764 s
[INFO] Finished at: 2025-11-18T09:11:33+01:00
[INFO] ------------------------------------------------------------------------
